FUNCTION  2()
    Defined: /opt/nvim-linux64/share/nvim/runtime/autoload/provider/clipboard.vim:166
Called 6 times
Total time:   0.016308
 Self time:   0.000368

count  total (s)   self (s)
    6              0.000020   if type(s:paste[a:reg]) == v:t_func
                                return s:paste[a:reg]()
    6              0.000012   elseif s:selections[a:reg].owner > 0
                                return s:selections[a:reg].data
    6              0.000002   end
                            
    6   0.016022   0.000082   let clipboard_data = s:try_cmd(s:paste[a:reg])
    6              0.000185   if match(&clipboard, '\v(unnamed|unnamedplus)') >= 0 && type(clipboard_data) == v:t_list && get(s:selections[a:reg].data, 0, []) ==# clipboard_data
                                " When system clipboard return is same as our cache return the cache
                                " as it contains regtype information
                                return s:selections[a:reg].data
    6              0.000003   end
    6              0.000011   return clipboard_data

FUNCTION  provider#clipboard#Call()
    Defined: /opt/nvim-linux64/share/nvim/runtime/autoload/provider/clipboard.vim:243
Called 6 times
Total time:   0.016503
 Self time:   0.000195

count  total (s)   self (s)
    6              0.000042   if get(s:, 'here', v:false)  " Clipboard provider must not recurse. #7184
                                return 0
    6              0.000003   endif
    6              0.000013   let s:here = v:true
    6              0.000005   try
    6   0.016381   0.000072     return call(s:clipboard[a:method],a:args,s:clipboard)
    6              0.000010   finally
    6              0.000014     let s:here = v:false
    6              0.000008   endtry

FUNCTION  <SNR>41_try_cmd()
    Defined: /opt/nvim-linux64/share/nvim/runtime/autoload/provider/clipboard.vim:38
Called 6 times
Total time:   0.015940
 Self time:   0.000425

count  total (s)   self (s)
    6   0.015808   0.000293   let out = systemlist(a:cmd, (a:0 ? a:1 : ['']), 1)
    6              0.000037   if v:shell_error
                                if !exists('s:did_error_try_cmd')
                                  echohl WarningMsg
                                  echomsg "clipboard: error: ".(len(out) ? out[0] : v:shell_error)
                                  echohl None
                                  let s:did_error_try_cmd = 1
                                endif
                                return 0
    6              0.000003   endif
    6              0.000008   return out

FUNCTIONS SORTED ON TOTAL TIME
count  total (s)   self (s)  function
    6   0.016503   0.000195  provider#clipboard#Call()
    6   0.016308   0.000368  2()
    6   0.015940   0.000425  <SNR>41_try_cmd()

FUNCTIONS SORTED ON SELF TIME
count  total (s)   self (s)  function
    6   0.015940   0.000425  <SNR>41_try_cmd()
    6   0.016308   0.000368  2()
    6   0.016503   0.000195  provider#clipboard#Call()

